Error: Delete failed: Could not find the table 'public.assignment_logs' in the schema cache (Code: PGRST205)
    at deleteHelper (webpack-internal:///(rsc)/./app/api/auth/demo/route.ts:57:27)
    at process.processTicksAndRejections (node:internal/process/task_queues:104:5)
    at async POST (webpack-internal:///(rsc)/./app/api/auth/demo/route.ts:61:13)
    at async D:\c-바탕화면\knts\node_modules\next\dist\compiled\next-server\app-route.runtime.dev.js:6:57228
    at async eT.execute (D:\c-바탕화면\knts\node_modules\next\dist\compiled\next-server\app-route.runtime.dev.js:6:46851)
    at async eT.handle (D:\c-바탕화면\knts\node_modules\next\dist\compiled\next-server\app-route.runtime.dev.js:6:58760)
    at async doRender (D:\c-바탕화면\knts\node_modules\next\dist\server\base-server.js:1366:42)
    at async cacheEntry.responseCache.get.routeKind (D:\c-바탕화면\knts\node_modules\next\dist\server\base-server.js:1588:28)
    at async DevServer.renderToResponseWithComponentsImpl (D:\c-바탕화면\knts\node_modules\next\dist\server\base-server.js:1496:28)
    at async DevServer.renderPageComponent (D:\c-바탕화면\knts\node_modules\next\dist\server\base-server.js:1924:24)
    at async DevServer.renderToResponseImpl (D:\c-바탕화면\knts\node_modules\next\dist\server\base-server.js:1962:32)
    at async DevServer.pipeImpl (D:\c-바탕화면\knts\node_modules\next\dist\server\base-server.js:922:25)
    at async NextNodeServer.handleCatchallRenderRequest (D:\c-바탕화면\knts\node_modules\next\dist\server\next-server.js:272:17)
    at async DevServer.handleRequestImpl (D:\c-바탕화면\knts\node_modules\next\dist\server\base-server.js:818:17)
    at async D:\c-바탕화면\knts\node_modules\next\dist\server\dev\next-dev-server.js:339:20
    at async Span.traceAsyncFn (D:\c-바탕화면\knts\node_modules\next\dist\trace\trace.js:154:20)
    at async DevServer.handleRequest (D:\c-바탕화면\knts\node_modules\next\dist\server\dev\next-dev-server.js:336:24)
    at async invokeRender (D:\c-바탕화면\knts\node_modules\next\dist\server\lib\router-server.js:179:21)
    at async handleRequest (D:\c-바탕화면\knts\node_modules\next\dist\server\lib\router-server.js:359:24)
    at async requestHandlerImpl (D:\c-바탕화면\knts\node_modules\next\dist\server\lib\router-server.js:383:13)
    at async Server.requestListener (D:\c-바탕화면\knts\node_modules\next\dist\server\lib\start-server.js:141:13)